// Jest Snapshot v1, https://jestjs.io/docs/snapshot-testing

exports[`parseUserId 有効な数値文字列を受け取ったら成功する 1`] = `
{
  "id": 123,
}
`;

exports[`parseUserId 無効な入力()は失敗する 1`] = `undefined`;

exports[`parseUserId 無効な入力(-1)は失敗する 1`] = `undefined`;

exports[`parseUserId 無効な入力(0)は失敗する 1`] = `undefined`;

exports[`parseUserId 無効な入力(abc)は失敗する 1`] = `undefined`;

exports[`parseUserId 無効な入力(undefined)は失敗する 1`] = `undefined`;

exports[`parseUserInput 有効な文字列を受け取ったら成功する 1`] = `
{
  "name": "aaa",
}
`;

exports[`parseUserInput 有効な文字数(50文字以下)の文字列を受け取ったら成功する 1`] = `
{
  "name": "aaaaaaaaaaaaaaaaaaaaaaaaaaaaaaaaaaaaaaaaaaaaaaaaaa",
}
`;

exports[`parseUserInput 無効な入力({ input: [Object], desc: '数値' })は失敗する 1`] = `undefined`;

exports[`parseUserInput 無効な入力({ input: [Object], desc: '空文字列' })は失敗する 1`] = `undefined`;

exports[`parseUserInput 無効な入力({ input: undefined, desc: 'undefined' })は失敗する 1`] = `undefined`;
